15:16:32 **** Incremental Build of configuration Debug for project project ****
make pre-build main-build 
a9-linaro-pre-build-step
 
make: Nothing to be done for 'main-build'.
15:16:57 **** Auto Build of configuration Debug for project project ****
make pre-build main-build 
a9-linaro-pre-build-step
 
make: Nothing to be done for 'main-build'.
15:17:00 **** Auto Build of configuration Debug for project project ****
make pre-build main-build 
a9-linaro-pre-build-step
 
make: Nothing to be done for 'main-build'.
15:17:32 **** Auto Build of configuration Debug for project project ****
make pre-build main-build 
a9-linaro-pre-build-step
 
make: Nothing to be done for 'main-build'.
15:17:42 **** Auto Build of configuration Debug for project project ****
make pre-build main-build 
a9-linaro-pre-build-step
 
make: Nothing to be done for 'main-build'.
15:17:46 **** Clean-only build of configuration Debug for project project ****
make clean 
rm -rf  ./src/led_matrix.o ./src/main.o ./src/platform.o  ./src/led_matrix.d ./src/main.d ./src/platform.d  project.elf.size  project.elf
 
15:17:46 **** Auto Build of configuration Debug for project project ****
make pre-build main-build 
a9-linaro-pre-build-step
 
Building file: ../src/led_matrix.c
Invoking: ARM v7 gcc compiler
arm-none-eabi-gcc -Wall -O0 -g3 -c -fmessage-length=0 -MT"src/led_matrix.o" -mcpu=cortex-a9 -mfpu=vfpv3 -mfloat-abi=hard -I../../project_bsp/ps7_cortexa9_0/include -MMD -MP -MF"src/led_matrix.d" -MT"src/led_matrix.o" -o "src/led_matrix.o" "../src/led_matrix.c"
Finished building: ../src/led_matrix.c
 
Building file: ../src/main.c
Invoking: ARM v7 gcc compiler
arm-none-eabi-gcc -Wall -O0 -g3 -c -fmessage-length=0 -MT"src/main.o" -mcpu=cortex-a9 -mfpu=vfpv3 -mfloat-abi=hard -I../../project_bsp/ps7_cortexa9_0/include -MMD -MP -MF"src/main.d" -MT"src/main.o" -o "src/main.o" "../src/main.c"
../src/main.c: In function 'main':
../src/main.c:27:5: warning: implicit declaration of function 'fadingDots' [-Wimplicit-function-declaration]
     fadingDots();
     ^~~~~~~~~~
../src/main.c: At top level:
../src/main.c:39:6: warning: conflicting types for 'fadingDots'
 void fadingDots(){
      ^~~~~~~~~~
../src/main.c:27:5: note: previous implicit declaration of 'fadingDots' was here
     fadingDots();
     ^~~~~~~~~~
../src/main.c: In function 'fadingDots':
../src/main.c:47:6: warning: implicit declaration of function 'decrementPixel'; did you mean 'getPixel'? [-Wimplicit-function-declaration]
      decrementPixel(pos);
      ^~~~~~~~~~~~~~
      getPixel
../src/main.c:51:4: warning: implicit declaration of function 'usleep'; did you mean 'fseek'? [-Wimplicit-function-declaration]
    usleep(MS_10);
    ^~~~~~
    fseek
Finished building: ../src/main.c
 
Building file: ../src/platform.c
Invoking: ARM v7 gcc compiler
arm-none-eabi-gcc -Wall -O0 -g3 -c -fmessage-length=0 -MT"src/platform.o" -mcpu=cortex-a9 -mfpu=vfpv3 -mfloat-abi=hard -I../../project_bsp/ps7_cortexa9_0/include -MMD -MP -MF"src/platform.d" -MT"src/platform.o" -o "src/platform.o" "../src/platform.c"
Finished building: ../src/platform.c
 
Building target: project.elf
Invoking: ARM v7 gcc linker
arm-none-eabi-gcc -mcpu=cortex-a9 -mfpu=vfpv3 -mfloat-abi=hard -Wl,-build-id=none -specs=Xilinx.spec -Wl,-T -Wl,../src/lscript.ld -L../../project_bsp/ps7_cortexa9_0/lib -o "project.elf"  ./src/led_matrix.o ./src/main.o ./src/platform.o   -Wl,--start-group,-lxil,-lgcc,-lc,--end-group
Finished building target: project.elf
 
Invoking: ARM v7 Print Size
arm-none-eabi-size project.elf  |tee "project.elf.size"
   text	   data	    bss	    dec	    hex	filename
  22412	   1144	  22760	  46316	   b4ec	project.elf
Finished building: project.elf.size
 
15:17:51 **** Auto Build of configuration Debug for project project ****
make pre-build main-build 
a9-linaro-pre-build-step
 
Building file: ../src/led_matrix.c
Invoking: ARM v7 gcc compiler
arm-none-eabi-gcc -Wall -O0 -g3 -c -fmessage-length=0 -MT"src/led_matrix.o" -mcpu=cortex-a9 -mfpu=vfpv3 -mfloat-abi=hard -I../../project_bsp/ps7_cortexa9_0/include -MMD -MP -MF"src/led_matrix.d" -MT"src/led_matrix.o" -o "src/led_matrix.o" "../src/led_matrix.c"
Finished building: ../src/led_matrix.c
 
Building file: ../src/main.c
Invoking: ARM v7 gcc compiler
arm-none-eabi-gcc -Wall -O0 -g3 -c -fmessage-length=0 -MT"src/main.o" -mcpu=cortex-a9 -mfpu=vfpv3 -mfloat-abi=hard -I../../project_bsp/ps7_cortexa9_0/include -MMD -MP -MF"src/main.d" -MT"src/main.o" -o "src/main.o" "../src/main.c"
../src/main.c: In function 'main':
../src/main.c:27:5: warning: implicit declaration of function 'fadingDots' [-Wimplicit-function-declaration]
     fadingDots();
     ^~~~~~~~~~
../src/main.c: At top level:
../src/main.c:39:6: warning: conflicting types for 'fadingDots'
 void fadingDots(){
      ^~~~~~~~~~
../src/main.c:27:5: note: previous implicit declaration of 'fadingDots' was here
     fadingDots();
     ^~~~~~~~~~
../src/main.c: In function 'fadingDots':
../src/main.c:47:6: warning: implicit declaration of function 'decrementPixel'; did you mean 'getPixel'? [-Wimplicit-function-declaration]
      decrementPixel(pos);
      ^~~~~~~~~~~~~~
      getPixel
../src/main.c:51:4: warning: implicit declaration of function 'usleep'; did you mean 'fseek'? [-Wimplicit-function-declaration]
    usleep(MS_10);
    ^~~~~~
    fseek
Finished building: ../src/main.c
 
Building target: project.elf
Invoking: ARM v7 gcc linker
arm-none-eabi-gcc -mcpu=cortex-a9 -mfpu=vfpv3 -mfloat-abi=hard -Wl,-build-id=none -specs=Xilinx.spec -Wl,-T -Wl,../src/lscript.ld -L../../project_bsp/ps7_cortexa9_0/lib -o "project.elf"  ./src/led_matrix.o ./src/main.o ./src/platform.o   -Wl,--start-group,-lxil,-lgcc,-lc,--end-group
Finished building target: project.elf
 
Invoking: ARM v7 Print Size
arm-none-eabi-size project.elf  |tee "project.elf.size"
   text	   data	    bss	    dec	    hex	filename
  22412	   1144	  22760	  46316	   b4ec	project.elf
Finished building: project.elf.size
 
15:17:54 **** Auto Build of configuration Debug for project project ****
make pre-build main-build 
a9-linaro-pre-build-step
 
Building file: ../src/led_matrix.c
Invoking: ARM v7 gcc compiler
arm-none-eabi-gcc -Wall -O0 -g3 -c -fmessage-length=0 -MT"src/led_matrix.o" -mcpu=cortex-a9 -mfpu=vfpv3 -mfloat-abi=hard -I../../project_bsp/ps7_cortexa9_0/include -MMD -MP -MF"src/led_matrix.d" -MT"src/led_matrix.o" -o "src/led_matrix.o" "../src/led_matrix.c"
Finished building: ../src/led_matrix.c
 
Building file: ../src/main.c
Invoking: ARM v7 gcc compiler
arm-none-eabi-gcc -Wall -O0 -g3 -c -fmessage-length=0 -MT"src/main.o" -mcpu=cortex-a9 -mfpu=vfpv3 -mfloat-abi=hard -I../../project_bsp/ps7_cortexa9_0/include -MMD -MP -MF"src/main.d" -MT"src/main.o" -o "src/main.o" "../src/main.c"
../src/main.c: In function 'main':
../src/main.c:27:5: warning: implicit declaration of function 'fadingDots' [-Wimplicit-function-declaration]
     fadingDots();
     ^~~~~~~~~~
../src/main.c: At top level:
../src/main.c:39:6: warning: conflicting types for 'fadingDots'
 void fadingDots(){
      ^~~~~~~~~~
../src/main.c:27:5: note: previous implicit declaration of 'fadingDots' was here
     fadingDots();
     ^~~~~~~~~~
../src/main.c: In function 'fadingDots':
../src/main.c:47:6: warning: implicit declaration of function 'decrementPixel'; did you mean 'getPixel'? [-Wimplicit-function-declaration]
      decrementPixel(pos);
      ^~~~~~~~~~~~~~
      getPixel
../src/main.c:51:4: warning: implicit declaration of function 'usleep'; did you mean 'fseek'? [-Wimplicit-function-declaration]
    usleep(MS_10);
    ^~~~~~
    fseek
Finished building: ../src/main.c
 
Building target: project.elf
Invoking: ARM v7 gcc linker
arm-none-eabi-gcc -mcpu=cortex-a9 -mfpu=vfpv3 -mfloat-abi=hard -Wl,-build-id=none -specs=Xilinx.spec -Wl,-T -Wl,../src/lscript.ld -L../../project_bsp/ps7_cortexa9_0/lib -o "project.elf"  ./src/led_matrix.o ./src/main.o ./src/platform.o   -Wl,--start-group,-lxil,-lgcc,-lc,--end-group
Finished building target: project.elf
 
Invoking: ARM v7 Print Size
arm-none-eabi-size project.elf  |tee "project.elf.size"
   text	   data	    bss	    dec	    hex	filename
  22412	   1144	  22760	  46316	   b4ec	project.elf
Finished building: project.elf.size
 
15:18:33 **** Auto Build of configuration Debug for project project ****
make pre-build main-build 
a9-linaro-pre-build-step
 
Building file: ../src/led_matrix.c
Invoking: ARM v7 gcc compiler
arm-none-eabi-gcc -Wall -O0 -g3 -c -fmessage-length=0 -MT"src/led_matrix.o" -mcpu=cortex-a9 -mfpu=vfpv3 -mfloat-abi=hard -I../../project_bsp/ps7_cortexa9_0/include -MMD -MP -MF"src/led_matrix.d" -MT"src/led_matrix.o" -o "src/led_matrix.o" "../src/led_matrix.c"
Finished building: ../src/led_matrix.c
 
Building file: ../src/main.c
Invoking: ARM v7 gcc compiler
arm-none-eabi-gcc -Wall -O0 -g3 -c -fmessage-length=0 -MT"src/main.o" -mcpu=cortex-a9 -mfpu=vfpv3 -mfloat-abi=hard -I../../project_bsp/ps7_cortexa9_0/include -MMD -MP -MF"src/main.d" -MT"src/main.o" -o "src/main.o" "../src/main.c"
../src/main.c: In function 'main':
../src/main.c:27:5: warning: implicit declaration of function 'fadingDots' [-Wimplicit-function-declaration]
     fadingDots();
     ^~~~~~~~~~
../src/main.c: At top level:
../src/main.c:39:6: warning: conflicting types for 'fadingDots'
 void fadingDots(){
      ^~~~~~~~~~
../src/main.c:27:5: note: previous implicit declaration of 'fadingDots' was here
     fadingDots();
     ^~~~~~~~~~
../src/main.c: In function 'fadingDots':
../src/main.c:51:4: warning: implicit declaration of function 'usleep'; did you mean 'fseek'? [-Wimplicit-function-declaration]
    usleep(MS_10);
    ^~~~~~
    fseek
Finished building: ../src/main.c
 
Building target: project.elf
Invoking: ARM v7 gcc linker
arm-none-eabi-gcc -mcpu=cortex-a9 -mfpu=vfpv3 -mfloat-abi=hard -Wl,-build-id=none -specs=Xilinx.spec -Wl,-T -Wl,../src/lscript.ld -L../../project_bsp/ps7_cortexa9_0/lib -o "project.elf"  ./src/led_matrix.o ./src/main.o ./src/platform.o   -Wl,--start-group,-lxil,-lgcc,-lc,--end-group
Finished building target: project.elf
 
Invoking: ARM v7 Print Size
arm-none-eabi-size project.elf  |tee "project.elf.size"
   text	   data	    bss	    dec	    hex	filename
  22412	   1144	  22760	  46316	   b4ec	project.elf
Finished building: project.elf.size
 
15:18:42 **** Auto Build of configuration Debug for project project ****
make pre-build main-build 
a9-linaro-pre-build-step
 
Building file: ../src/led_matrix.c
Invoking: ARM v7 gcc compiler
arm-none-eabi-gcc -Wall -O0 -g3 -c -fmessage-length=0 -MT"src/led_matrix.o" -mcpu=cortex-a9 -mfpu=vfpv3 -mfloat-abi=hard -I../../project_bsp/ps7_cortexa9_0/include -MMD -MP -MF"src/led_matrix.d" -MT"src/led_matrix.o" -o "src/led_matrix.o" "../src/led_matrix.c"
Finished building: ../src/led_matrix.c
 
Building target: project.elf
Invoking: ARM v7 gcc linker
arm-none-eabi-gcc -mcpu=cortex-a9 -mfpu=vfpv3 -mfloat-abi=hard -Wl,-build-id=none -specs=Xilinx.spec -Wl,-T -Wl,../src/lscript.ld -L../../project_bsp/ps7_cortexa9_0/lib -o "project.elf"  ./src/led_matrix.o ./src/main.o ./src/platform.o   -Wl,--start-group,-lxil,-lgcc,-lc,--end-group
Finished building target: project.elf
 
Invoking: ARM v7 Print Size
arm-none-eabi-size project.elf  |tee "project.elf.size"
   text	   data	    bss	    dec	    hex	filename
  22412	   1144	  22760	  46316	   b4ec	project.elf
Finished building: project.elf.size
 
15:18:46 **** Auto Build of configuration Debug for project project ****
make pre-build main-build 
a9-linaro-pre-build-step
 
Building file: ../src/led_matrix.c
Invoking: ARM v7 gcc compiler
arm-none-eabi-gcc -Wall -O0 -g3 -c -fmessage-length=0 -MT"src/led_matrix.o" -mcpu=cortex-a9 -mfpu=vfpv3 -mfloat-abi=hard -I../../project_bsp/ps7_cortexa9_0/include -MMD -MP -MF"src/led_matrix.d" -MT"src/led_matrix.o" -o "src/led_matrix.o" "../src/led_matrix.c"
Finished building: ../src/led_matrix.c
 
Building target: project.elf
Invoking: ARM v7 gcc linker
arm-none-eabi-gcc -mcpu=cortex-a9 -mfpu=vfpv3 -mfloat-abi=hard -Wl,-build-id=none -specs=Xilinx.spec -Wl,-T -Wl,../src/lscript.ld -L../../project_bsp/ps7_cortexa9_0/lib -o "project.elf"  ./src/led_matrix.o ./src/main.o ./src/platform.o   -Wl,--start-group,-lxil,-lgcc,-lc,--end-group
Finished building target: project.elf
 
Invoking: ARM v7 Print Size
arm-none-eabi-size project.elf  |tee "project.elf.size"
   text	   data	    bss	    dec	    hex	filename
  22412	   1144	  22760	  46316	   b4ec	project.elf
Finished building: project.elf.size
 
15:19:21 **** Auto Build of configuration Debug for project project ****
make pre-build main-build 
a9-linaro-pre-build-step
 
Building file: ../src/led_matrix.c
Invoking: ARM v7 gcc compiler
arm-none-eabi-gcc -Wall -O0 -g3 -c -fmessage-length=0 -MT"src/led_matrix.o" -mcpu=cortex-a9 -mfpu=vfpv3 -mfloat-abi=hard -I../../project_bsp/ps7_cortexa9_0/include -MMD -MP -MF"src/led_matrix.d" -MT"src/led_matrix.o" -o "src/led_matrix.o" "../src/led_matrix.c"
Finished building: ../src/led_matrix.c
 
Building target: project.elf
Invoking: ARM v7 gcc linker
arm-none-eabi-gcc -mcpu=cortex-a9 -mfpu=vfpv3 -mfloat-abi=hard -Wl,-build-id=none -specs=Xilinx.spec -Wl,-T -Wl,../src/lscript.ld -L../../project_bsp/ps7_cortexa9_0/lib -o "project.elf"  ./src/led_matrix.o ./src/main.o ./src/platform.o   -Wl,--start-group,-lxil,-lgcc,-lc,--end-group
Finished building target: project.elf
 
Invoking: ARM v7 Print Size
arm-none-eabi-size project.elf  |tee "project.elf.size"
   text	   data	    bss	    dec	    hex	filename
  22412	   1144	  22760	  46316	   b4ec	project.elf
Finished building: project.elf.size
 
15:19:23 **** Auto Build of configuration Debug for project project ****
make pre-build main-build 
a9-linaro-pre-build-step
 
Building file: ../src/main.c
Invoking: ARM v7 gcc compiler
arm-none-eabi-gcc -Wall -O0 -g3 -c -fmessage-length=0 -MT"src/main.o" -mcpu=cortex-a9 -mfpu=vfpv3 -mfloat-abi=hard -I../../project_bsp/ps7_cortexa9_0/include -MMD -MP -MF"src/main.d" -MT"src/main.o" -o "src/main.o" "../src/main.c"
../src/main.c: In function 'main':
../src/main.c:31:5: warning: implicit declaration of function 'sprite'; did you mean 'sprintf'? [-Wimplicit-function-declaration]
     sprite();
     ^~~~~~
     sprintf
../src/main.c: In function 'fadingDots':
../src/main.c:50:4: warning: implicit declaration of function 'usleep'; did you mean 'fseek'? [-Wimplicit-function-declaration]
    usleep(MS_10);
    ^~~~~~
    fseek
Finished building: ../src/main.c
 
Building target: project.elf
Invoking: ARM v7 gcc linker
arm-none-eabi-gcc -mcpu=cortex-a9 -mfpu=vfpv3 -mfloat-abi=hard -Wl,-build-id=none -specs=Xilinx.spec -Wl,-T -Wl,../src/lscript.ld -L../../project_bsp/ps7_cortexa9_0/lib -o "project.elf"  ./src/led_matrix.o ./src/main.o ./src/platform.o   -Wl,--start-group,-lxil,-lgcc,-lc,--end-group
./src/main.o: In function `main':
/home/jacoboffersen/Repos/lab5/lab5.sdk/project/Debug/../src/main.c:31: undefined reference to `sprite'
collect2: error: ld returned 1 exit status
make: *** [project.elf] Error 1
makefile:39: recipe for target 'project.elf' failed
15:19:24 **** Incremental Build of configuration Debug for project project ****
make pre-build main-build 
a9-linaro-pre-build-step
 
Building target: project.elf
Invoking: ARM v7 gcc linker
arm-none-eabi-gcc -mcpu=cortex-a9 -mfpu=vfpv3 -mfloat-abi=hard -Wl,-build-id=none -specs=Xilinx.spec -Wl,-T -Wl,../src/lscript.ld -L../../project_bsp/ps7_cortexa9_0/lib -o "project.elf"  ./src/led_matrix.o ./src/main.o ./src/platform.o   -Wl,--start-group,-lxil,-lgcc,-lc,--end-group
./src/main.o: In function `main':
/home/jacoboffersen/Repos/lab5/lab5.sdk/project/Debug/../src/main.c:31: undefined reference to `sprite'
collect2: error: ld returned 1 exit status
make: *** [project.elf] Error 1
makefile:39: recipe for target 'project.elf' failed
15:19:32 **** Auto Build of configuration Debug for project project ****
make pre-build main-build 
a9-linaro-pre-build-step
 
Building file: ../src/main.c
Invoking: ARM v7 gcc compiler
arm-none-eabi-gcc -Wall -O0 -g3 -c -fmessage-length=0 -MT"src/main.o" -mcpu=cortex-a9 -mfpu=vfpv3 -mfloat-abi=hard -I../../project_bsp/ps7_cortexa9_0/include -MMD -MP -MF"src/main.d" -MT"src/main.o" -o "src/main.o" "../src/main.c"
../src/main.c: In function 'main':
../src/main.c:27:5: warning: implicit declaration of function 'fadingDots' [-Wimplicit-function-declaration]
     fadingDots();
     ^~~~~~~~~~
../src/main.c: At top level:
../src/main.c:38:6: warning: conflicting types for 'fadingDots'
 void fadingDots(){
      ^~~~~~~~~~
../src/main.c:27:5: note: previous implicit declaration of 'fadingDots' was here
     fadingDots();
     ^~~~~~~~~~
../src/main.c: In function 'fadingDots':
../src/main.c:50:4: warning: implicit declaration of function 'usleep'; did you mean 'fseek'? [-Wimplicit-function-declaration]
    usleep(MS_10);
    ^~~~~~
    fseek
Finished building: ../src/main.c
 
Building target: project.elf
Invoking: ARM v7 gcc linker
arm-none-eabi-gcc -mcpu=cortex-a9 -mfpu=vfpv3 -mfloat-abi=hard -Wl,-build-id=none -specs=Xilinx.spec -Wl,-T -Wl,../src/lscript.ld -L../../project_bsp/ps7_cortexa9_0/lib -o "project.elf"  ./src/led_matrix.o ./src/main.o ./src/platform.o   -Wl,--start-group,-lxil,-lgcc,-lc,--end-group
Finished building target: project.elf
 
Invoking: ARM v7 Print Size
arm-none-eabi-size project.elf  |tee "project.elf.size"
   text	   data	    bss	    dec	    hex	filename
  22412	   1144	  22760	  46316	   b4ec	project.elf
Finished building: project.elf.size
 
15:19:33 **** Incremental Build of configuration Debug for project project ****
make pre-build main-build 
a9-linaro-pre-build-step
 
make: Nothing to be done for 'main-build'.
15:19:38 **** Incremental Build of configuration Debug for project project ****
make pre-build main-build 
a9-linaro-pre-build-step
 
Building file: ../src/main.c
Invoking: ARM v7 gcc compiler
arm-none-eabi-gcc -Wall -O0 -g3 -c -fmessage-length=0 -MT"src/main.o" -mcpu=cortex-a9 -mfpu=vfpv3 -mfloat-abi=hard -I../../project_bsp/ps7_cortexa9_0/include -MMD -MP -MF"src/main.d" -MT"src/main.o" -o "src/main.o" "../src/main.c"
../src/main.c: In function 'main':
../src/main.c:28:5: warning: implicit declaration of function 'runningLed' [-Wimplicit-function-declaration]
     runningLed();
     ^~~~~~~~~~
../src/main.c: In function 'fadingDots':
../src/main.c:50:4: warning: implicit declaration of function 'usleep'; did you mean 'fseek'? [-Wimplicit-function-declaration]
    usleep(MS_10);
    ^~~~~~
    fseek
../src/main.c: At top level:
../src/main.c:59:6: warning: conflicting types for 'runningLed'
 void runningLed(){
      ^~~~~~~~~~
../src/main.c:28:5: note: previous implicit declaration of 'runningLed' was here
     runningLed();
     ^~~~~~~~~~
Finished building: ../src/main.c
 
Building target: project.elf
Invoking: ARM v7 gcc linker
arm-none-eabi-gcc -mcpu=cortex-a9 -mfpu=vfpv3 -mfloat-abi=hard -Wl,-build-id=none -specs=Xilinx.spec -Wl,-T -Wl,../src/lscript.ld -L../../project_bsp/ps7_cortexa9_0/lib -o "project.elf"  ./src/led_matrix.o ./src/main.o ./src/platform.o   -Wl,--start-group,-lxil,-lgcc,-lc,--end-group
Finished building target: project.elf
 
Invoking: ARM v7 Print Size
arm-none-eabi-size project.elf  |tee "project.elf.size"
   text	   data	    bss	    dec	    hex	filename
  22412	   1144	  22760	  46316	   b4ec	project.elf
Finished building: project.elf.size
 
15:19:49 **** Incremental Build of configuration Debug for project project ****
make pre-build main-build 
a9-linaro-pre-build-step
 
Building file: ../src/main.c
Invoking: ARM v7 gcc compiler
arm-none-eabi-gcc -Wall -O0 -g3 -c -fmessage-length=0 -MT"src/main.o" -mcpu=cortex-a9 -mfpu=vfpv3 -mfloat-abi=hard -I../../project_bsp/ps7_cortexa9_0/include -MMD -MP -MF"src/main.d" -MT"src/main.o" -o "src/main.o" "../src/main.c"
../src/main.c: In function 'main':
../src/main.c:29:5: warning: implicit declaration of function 'randomPixel'; did you mean 'random'? [-Wimplicit-function-declaration]
     randomPixel();
     ^~~~~~~~~~~
     random
../src/main.c: In function 'fadingDots':
../src/main.c:50:4: warning: implicit declaration of function 'usleep'; did you mean 'fseek'? [-Wimplicit-function-declaration]
    usleep(MS_10);
    ^~~~~~
    fseek
../src/main.c: At top level:
../src/main.c:102:6: warning: conflicting types for 'randomPixel'
 void randomPixel(){
      ^~~~~~~~~~~
../src/main.c:29:5: note: previous implicit declaration of 'randomPixel' was here
     randomPixel();
     ^~~~~~~~~~~
Finished building: ../src/main.c
 
Building target: project.elf
Invoking: ARM v7 gcc linker
arm-none-eabi-gcc -mcpu=cortex-a9 -mfpu=vfpv3 -mfloat-abi=hard -Wl,-build-id=none -specs=Xilinx.spec -Wl,-T -Wl,../src/lscript.ld -L../../project_bsp/ps7_cortexa9_0/lib -o "project.elf"  ./src/led_matrix.o ./src/main.o ./src/platform.o   -Wl,--start-group,-lxil,-lgcc,-lc,--end-group
Finished building target: project.elf
 
Invoking: ARM v7 Print Size
arm-none-eabi-size project.elf  |tee "project.elf.size"
   text	   data	    bss	    dec	    hex	filename
  22412	   1144	  22760	  46316	   b4ec	project.elf
Finished building: project.elf.size
 
15:19:57 **** Incremental Build of configuration Debug for project project ****
make pre-build main-build 
a9-linaro-pre-build-step
 
Building file: ../src/main.c
Invoking: ARM v7 gcc compiler
arm-none-eabi-gcc -Wall -O0 -g3 -c -fmessage-length=0 -MT"src/main.o" -mcpu=cortex-a9 -mfpu=vfpv3 -mfloat-abi=hard -I../../project_bsp/ps7_cortexa9_0/include -MMD -MP -MF"src/main.d" -MT"src/main.o" -o "src/main.o" "../src/main.c"
../src/main.c: In function 'main':
../src/main.c:30:5: warning: implicit declaration of function 'gradient'; did you mean 'lrint'? [-Wimplicit-function-declaration]
     gradient();
     ^~~~~~~~
     lrint
../src/main.c: In function 'fadingDots':
../src/main.c:50:4: warning: implicit declaration of function 'usleep'; did you mean 'fseek'? [-Wimplicit-function-declaration]
    usleep(MS_10);
    ^~~~~~
    fseek
../src/main.c: At top level:
../src/main.c:119:6: warning: conflicting types for 'gradient'
 void gradient(){
      ^~~~~~~~
../src/main.c:30:5: note: previous implicit declaration of 'gradient' was here
     gradient();
     ^~~~~~~~
Finished building: ../src/main.c
 
Building target: project.elf
Invoking: ARM v7 gcc linker
arm-none-eabi-gcc -mcpu=cortex-a9 -mfpu=vfpv3 -mfloat-abi=hard -Wl,-build-id=none -specs=Xilinx.spec -Wl,-T -Wl,../src/lscript.ld -L../../project_bsp/ps7_cortexa9_0/lib -o "project.elf"  ./src/led_matrix.o ./src/main.o ./src/platform.o   -Wl,--start-group,-lxil,-lgcc,-lc,--end-group
Finished building target: project.elf
 
Invoking: ARM v7 Print Size
arm-none-eabi-size project.elf  |tee "project.elf.size"
   text	   data	    bss	    dec	    hex	filename
  22412	   1144	  22760	  46316	   b4ec	project.elf
Finished building: project.elf.size
 
