15:19:57 **** Incremental Build of configuration Debug for project project ****
make pre-build main-build 
a9-linaro-pre-build-step
 
Building file: ../src/main.c
Invoking: ARM v7 gcc compiler
arm-none-eabi-gcc -Wall -O0 -g3 -c -fmessage-length=0 -MT"src/main.o" -mcpu=cortex-a9 -mfpu=vfpv3 -mfloat-abi=hard -I../../project_bsp/ps7_cortexa9_0/include -MMD -MP -MF"src/main.d" -MT"src/main.o" -o "src/main.o" "../src/main.c"
../src/main.c: In function 'main':
../src/main.c:30:5: warning: implicit declaration of function 'gradient'; did you mean 'lrint'? [-Wimplicit-function-declaration]
     gradient();
     ^~~~~~~~
     lrint
../src/main.c: In function 'fadingDots':
../src/main.c:50:4: warning: implicit declaration of function 'usleep'; did you mean 'fseek'? [-Wimplicit-function-declaration]
    usleep(MS_10);
    ^~~~~~
    fseek
../src/main.c: At top level:
../src/main.c:119:6: warning: conflicting types for 'gradient'
 void gradient(){
      ^~~~~~~~
../src/main.c:30:5: note: previous implicit declaration of 'gradient' was here
     gradient();
     ^~~~~~~~
Finished building: ../src/main.c
 
Building target: project.elf
Invoking: ARM v7 gcc linker
arm-none-eabi-gcc -mcpu=cortex-a9 -mfpu=vfpv3 -mfloat-abi=hard -Wl,-build-id=none -specs=Xilinx.spec -Wl,-T -Wl,../src/lscript.ld -L../../project_bsp/ps7_cortexa9_0/lib -o "project.elf"  ./src/led_matrix.o ./src/main.o ./src/platform.o   -Wl,--start-group,-lxil,-lgcc,-lc,--end-group
Finished building target: project.elf
 
Invoking: ARM v7 Print Size
arm-none-eabi-size project.elf  |tee "project.elf.size"
   text	   data	    bss	    dec	    hex	filename
  22412	   1144	  22760	  46316	   b4ec	project.elf
Finished building: project.elf.size
 

15:19:57 Build Finished (took 362ms)

